

================================================================
== Vivado HLS Report for 'slam_ekf_update_core'
================================================================
* Date:           Sat Sep 26 11:43:05 2026

* Version:        2018.3 (Build 2405991 on Thu Dec 06 23:56:15 MST 2018)
* Project:        r0_slam_ekf_update_core_csynth
* Solution:       solution1
* Product family: zynq
* Target device:  xc7z100ffg900-2


================================================================
== Performance Estimates
================================================================
+ Timing (ns): 
    * Summary: 
    +--------+-------+----------+------------+
    |  Clock | Target| Estimated| Uncertainty|
    +--------+-------+----------+------------+
    |ap_clk  |   8.00|     7.673|        1.00|
    +--------+-------+----------+------------+

+ Latency (clock cycles): 
    * Summary: 
    +-------+--------+-------+--------+---------+
    |     Latency    |    Interval    | Pipeline|
    |  min  |   max  |  min  |   max  |   Type  |
    +-------+--------+-------+--------+---------+
    |  22608|  246682|  22608|  246682|   none  |
    +-------+--------+-------+--------+---------+

    + Detail: 
        * Instance: 
        +------------------------------------+--------------------------+-------+--------+-------+--------+---------+
        |                                    |                          |     Latency    |    Interval    | Pipeline|
        |              Instance              |          Module          |  min  |   max  |  min  |   max  |   Type  |
        +------------------------------------+--------------------------+-------+--------+-------+--------+---------+
        |grp_slam_ekf_update_core_1_1_fu_66  |slam_ekf_update_core_1_1  |  22607|  246681|  22607|  246681|   none  |
        +------------------------------------+--------------------------+-------+--------+-------+--------+---------+

        * Loop: 
        N/A



================================================================
== Utilization Estimates
================================================================
* Summary: 
+-----------------+---------+-------+--------+--------+
|       Name      | BRAM_18K| DSP48E|   FF   |   LUT  |
+-----------------+---------+-------+--------+--------+
|DSP              |        -|      -|       -|       -|
|Expression       |        -|      -|       -|       -|
|FIFO             |        -|      -|       -|       -|
|Instance         |       94|    407|   75218|   79120|
|Memory           |        -|      -|       -|       -|
|Multiplexer      |        -|      -|       -|      18|
|Register         |        -|      -|      61|       -|
+-----------------+---------+-------+--------+--------+
|Total            |       94|    407|   75279|   79138|
+-----------------+---------+-------+--------+--------+
|Available        |     1510|   2020|  554800|  277400|
+-----------------+---------+-------+--------+--------+
|Utilization (%)  |        6|     20|      13|      28|
+-----------------+---------+-------+--------+--------+

+ Detail: 
    * Instance: 
    +------------------------------------+----------------------------------+---------+-------+-------+-------+
    |              Instance              |              Module              | BRAM_18K| DSP48E|   FF  |  LUT  |
    +------------------------------------+----------------------------------+---------+-------+-------+-------+
    |grp_slam_ekf_update_core_1_1_fu_66  |slam_ekf_update_core_1_1          |       86|    407|  74086|  77588|
    |slam_ekf_update_core_gmem0_m_axi_U  |slam_ekf_update_core_gmem0_m_axi  |        4|      0|    566|    766|
    |slam_ekf_update_core_gmem1_m_axi_U  |slam_ekf_update_core_gmem1_m_axi  |        4|      0|    566|    766|
    +------------------------------------+----------------------------------+---------+-------+-------+-------+
    |Total                               |                                  |       94|    407|  75218|  79120|
    +------------------------------------+----------------------------------+---------+-------+-------+-------+

    * DSP48: 
    N/A

    * Memory: 
    N/A

    * FIFO: 
    N/A

    * Expression: 
    N/A

    * Multiplexer: 
    +---------------+----+-----------+-----+-----------+
    |      Name     | LUT| Input Size| Bits| Total Bits|
    +---------------+----+-----------+-----+-----------+
    |ap_NS_fsm      |   3|          3|    1|          3|
    |gmem0_ARVALID  |   3|          2|    1|          2|
    |gmem0_RREADY   |   3|          2|    1|          2|
    |gmem1_AWVALID  |   3|          2|    1|          2|
    |gmem1_BREADY   |   3|          2|    1|          2|
    |gmem1_WVALID   |   3|          2|    1|          2|
    +---------------+----+-----------+-----+-----------+
    |Total          |  18|         13|    6|         13|
    +---------------+----+-----------+-----+-----------+

    * Register: 
    +-------------------------------------------------+----+----+-----+-----------+
    |                       Name                      | FF | LUT| Bits| Const Bits|
    +-------------------------------------------------+----+----+-----+-----------+
    |ap_CS_fsm                                        |   2|   0|    2|          0|
    |grp_slam_ekf_update_core_1_1_fu_66_ap_start_reg  |   1|   0|    1|          0|
    |input_words1_reg_115                             |  29|   0|   29|          0|
    |output_words3_reg_110                            |  29|   0|   29|          0|
    +-------------------------------------------------+----+----+-----+-----------+
    |Total                                            |  61|   0|   61|          0|
    +-------------------------------------------------+----+----+-----+-----------+



================================================================
== Interface
================================================================
* Summary: 
+----------------------+-----+-----+------------+----------------------+--------------+
|       RTL Ports      | Dir | Bits|  Protocol  |     Source Object    |    C Type    |
+----------------------+-----+-----+------------+----------------------+--------------+
|ap_clk                |  in |    1| ap_ctrl_hs | slam_ekf_update_core | return value |
|ap_rst_n              |  in |    1| ap_ctrl_hs | slam_ekf_update_core | return value |
|ap_start              |  in |    1| ap_ctrl_hs | slam_ekf_update_core | return value |
|ap_done               | out |    1| ap_ctrl_hs | slam_ekf_update_core | return value |
|ap_idle               | out |    1| ap_ctrl_hs | slam_ekf_update_core | return value |
|ap_ready              | out |    1| ap_ctrl_hs | slam_ekf_update_core | return value |
|m_axi_gmem0_AWVALID   | out |    1|    m_axi   |         gmem0        |    pointer   |
|m_axi_gmem0_AWREADY   |  in |    1|    m_axi   |         gmem0        |    pointer   |
|m_axi_gmem0_AWADDR    | out |   32|    m_axi   |         gmem0        |    pointer   |
|m_axi_gmem0_AWID      | out |    1|    m_axi   |         gmem0        |    pointer   |
|m_axi_gmem0_AWLEN     | out |    8|    m_axi   |         gmem0        |    pointer   |
|m_axi_gmem0_AWSIZE    | out |    3|    m_axi   |         gmem0        |    pointer   |
|m_axi_gmem0_AWBURST   | out |    2|    m_axi   |         gmem0        |    pointer   |
|m_axi_gmem0_AWLOCK    | out |    2|    m_axi   |         gmem0        |    pointer   |
|m_axi_gmem0_AWCACHE   | out |    4|    m_axi   |         gmem0        |    pointer   |
|m_axi_gmem0_AWPROT    | out |    3|    m_axi   |         gmem0        |    pointer   |
|m_axi_gmem0_AWQOS     | out |    4|    m_axi   |         gmem0        |    pointer   |
|m_axi_gmem0_AWREGION  | out |    4|    m_axi   |         gmem0        |    pointer   |
|m_axi_gmem0_AWUSER    | out |    1|    m_axi   |         gmem0        |    pointer   |
|m_axi_gmem0_WVALID    | out |    1|    m_axi   |         gmem0        |    pointer   |
|m_axi_gmem0_WREADY    |  in |    1|    m_axi   |         gmem0        |    pointer   |
|m_axi_gmem0_WDATA     | out |   64|    m_axi   |         gmem0        |    pointer   |
|m_axi_gmem0_WSTRB     | out |    8|    m_axi   |         gmem0        |    pointer   |
|m_axi_gmem0_WLAST     | out |    1|    m_axi   |         gmem0        |    pointer   |
|m_axi_gmem0_WID       | out |    1|    m_axi   |         gmem0        |    pointer   |
|m_axi_gmem0_WUSER     | out |    1|    m_axi   |         gmem0        |    pointer   |
|m_axi_gmem0_ARVALID   | out |    1|    m_axi   |         gmem0        |    pointer   |
|m_axi_gmem0_ARREADY   |  in |    1|    m_axi   |         gmem0        |    pointer   |
|m_axi_gmem0_ARADDR    | out |   32|    m_axi   |         gmem0        |    pointer   |
|m_axi_gmem0_ARID      | out |    1|    m_axi   |         gmem0        |    pointer   |
|m_axi_gmem0_ARLEN     | out |    8|    m_axi   |         gmem0        |    pointer   |
|m_axi_gmem0_ARSIZE    | out |    3|    m_axi   |         gmem0        |    pointer   |
|m_axi_gmem0_ARBURST   | out |    2|    m_axi   |         gmem0        |    pointer   |
|m_axi_gmem0_ARLOCK    | out |    2|    m_axi   |         gmem0        |    pointer   |
|m_axi_gmem0_ARCACHE   | out |    4|    m_axi   |         gmem0        |    pointer   |
|m_axi_gmem0_ARPROT    | out |    3|    m_axi   |         gmem0        |    pointer   |
|m_axi_gmem0_ARQOS     | out |    4|    m_axi   |         gmem0        |    pointer   |
|m_axi_gmem0_ARREGION  | out |    4|    m_axi   |         gmem0        |    pointer   |
|m_axi_gmem0_ARUSER    | out |    1|    m_axi   |         gmem0        |    pointer   |
|m_axi_gmem0_RVALID    |  in |    1|    m_axi   |         gmem0        |    pointer   |
|m_axi_gmem0_RREADY    | out |    1|    m_axi   |         gmem0        |    pointer   |
|m_axi_gmem0_RDATA     |  in |   64|    m_axi   |         gmem0        |    pointer   |
|m_axi_gmem0_RLAST     |  in |    1|    m_axi   |         gmem0        |    pointer   |
|m_axi_gmem0_RID       |  in |    1|    m_axi   |         gmem0        |    pointer   |
|m_axi_gmem0_RUSER     |  in |    1|    m_axi   |         gmem0        |    pointer   |
|m_axi_gmem0_RRESP     |  in |    2|    m_axi   |         gmem0        |    pointer   |
|m_axi_gmem0_BVALID    |  in |    1|    m_axi   |         gmem0        |    pointer   |
|m_axi_gmem0_BREADY    | out |    1|    m_axi   |         gmem0        |    pointer   |
|m_axi_gmem0_BRESP     |  in |    2|    m_axi   |         gmem0        |    pointer   |
|m_axi_gmem0_BID       |  in |    1|    m_axi   |         gmem0        |    pointer   |
|m_axi_gmem0_BUSER     |  in |    1|    m_axi   |         gmem0        |    pointer   |
|m_axi_gmem1_AWVALID   | out |    1|    m_axi   |         gmem1        |    pointer   |
|m_axi_gmem1_AWREADY   |  in |    1|    m_axi   |         gmem1        |    pointer   |
|m_axi_gmem1_AWADDR    | out |   32|    m_axi   |         gmem1        |    pointer   |
|m_axi_gmem1_AWID      | out |    1|    m_axi   |         gmem1        |    pointer   |
|m_axi_gmem1_AWLEN     | out |    8|    m_axi   |         gmem1        |    pointer   |
|m_axi_gmem1_AWSIZE    | out |    3|    m_axi   |         gmem1        |    pointer   |
|m_axi_gmem1_AWBURST   | out |    2|    m_axi   |         gmem1        |    pointer   |
|m_axi_gmem1_AWLOCK    | out |    2|    m_axi   |         gmem1        |    pointer   |
|m_axi_gmem1_AWCACHE   | out |    4|    m_axi   |         gmem1        |    pointer   |
|m_axi_gmem1_AWPROT    | out |    3|    m_axi   |         gmem1        |    pointer   |
|m_axi_gmem1_AWQOS     | out |    4|    m_axi   |         gmem1        |    pointer   |
|m_axi_gmem1_AWREGION  | out |    4|    m_axi   |         gmem1        |    pointer   |
|m_axi_gmem1_AWUSER    | out |    1|    m_axi   |         gmem1        |    pointer   |
|m_axi_gmem1_WVALID    | out |    1|    m_axi   |         gmem1        |    pointer   |
|m_axi_gmem1_WREADY    |  in |    1|    m_axi   |         gmem1        |    pointer   |
|m_axi_gmem1_WDATA     | out |   64|    m_axi   |         gmem1        |    pointer   |
|m_axi_gmem1_WSTRB     | out |    8|    m_axi   |         gmem1        |    pointer   |
|m_axi_gmem1_WLAST     | out |    1|    m_axi   |         gmem1        |    pointer   |
|m_axi_gmem1_WID       | out |    1|    m_axi   |         gmem1        |    pointer   |
|m_axi_gmem1_WUSER     | out |    1|    m_axi   |         gmem1        |    pointer   |
|m_axi_gmem1_ARVALID   | out |    1|    m_axi   |         gmem1        |    pointer   |
|m_axi_gmem1_ARREADY   |  in |    1|    m_axi   |         gmem1        |    pointer   |
|m_axi_gmem1_ARADDR    | out |   32|    m_axi   |         gmem1        |    pointer   |
|m_axi_gmem1_ARID      | out |    1|    m_axi   |         gmem1        |    pointer   |
|m_axi_gmem1_ARLEN     | out |    8|    m_axi   |         gmem1        |    pointer   |
|m_axi_gmem1_ARSIZE    | out |    3|    m_axi   |         gmem1        |    pointer   |
|m_axi_gmem1_ARBURST   | out |    2|    m_axi   |         gmem1        |    pointer   |
|m_axi_gmem1_ARLOCK    | out |    2|    m_axi   |         gmem1        |    pointer   |
|m_axi_gmem1_ARCACHE   | out |    4|    m_axi   |         gmem1        |    pointer   |
|m_axi_gmem1_ARPROT    | out |    3|    m_axi   |         gmem1        |    pointer   |
|m_axi_gmem1_ARQOS     | out |    4|    m_axi   |         gmem1        |    pointer   |
|m_axi_gmem1_ARREGION  | out |    4|    m_axi   |         gmem1        |    pointer   |
|m_axi_gmem1_ARUSER    | out |    1|    m_axi   |         gmem1        |    pointer   |
|m_axi_gmem1_RVALID    |  in |    1|    m_axi   |         gmem1        |    pointer   |
|m_axi_gmem1_RREADY    | out |    1|    m_axi   |         gmem1        |    pointer   |
|m_axi_gmem1_RDATA     |  in |   64|    m_axi   |         gmem1        |    pointer   |
|m_axi_gmem1_RLAST     |  in |    1|    m_axi   |         gmem1        |    pointer   |
|m_axi_gmem1_RID       |  in |    1|    m_axi   |         gmem1        |    pointer   |
|m_axi_gmem1_RUSER     |  in |    1|    m_axi   |         gmem1        |    pointer   |
|m_axi_gmem1_RRESP     |  in |    2|    m_axi   |         gmem1        |    pointer   |
|m_axi_gmem1_BVALID    |  in |    1|    m_axi   |         gmem1        |    pointer   |
|m_axi_gmem1_BREADY    | out |    1|    m_axi   |         gmem1        |    pointer   |
|m_axi_gmem1_BRESP     |  in |    2|    m_axi   |         gmem1        |    pointer   |
|m_axi_gmem1_BID       |  in |    1|    m_axi   |         gmem1        |    pointer   |
|m_axi_gmem1_BUSER     |  in |    1|    m_axi   |         gmem1        |    pointer   |
|input_words           |  in |   32|   ap_none  |      input_words     |    scalar    |
|output_words          |  in |   32|   ap_none  |     output_words     |    scalar    |
+----------------------+-----+-----+------------+----------------------+--------------+

