

================================================================
== Vivado HLS Report for 'unified_surfel_observation_core'
================================================================
* Date:           Sat Sep 26 11:41:54 2026

* Version:        2018.3 (Build 2405991 on Thu Dec 06 23:56:15 MST 2018)
* Project:        r0_unified_surfel_observation_core_csynth
* Solution:       solution1
* Product family: zynq
* Target device:  xc7z100ffg900-2


================================================================
== Performance Estimates
================================================================
+ Timing (ns): 
    * Summary: 
    +--------+-------+----------+------------+
    |  Clock | Target| Estimated| Uncertainty|
    +--------+-------+----------+------------+
    |ap_clk  |   8.00|     7.436|        1.00|
    +--------+-------+----------+------------+

+ Latency (clock cycles): 
    * Summary: 
    +-----+-----+-----+-----+---------+
    |  Latency  |  Interval | Pipeline|
    | min | max | min | max |   Type  |
    +-----+-----+-----+-----+---------+
    |    ?|    ?|    ?|    ?|   none  |
    +-----+-----+-----+-----+---------+

    + Detail: 
        * Instance: 
        +-----------------------------------+------------------------+-----+-----+-----+-----+---------+
        |                                   |                        |  Latency  |  Interval | Pipeline|
        |              Instance             |         Module         | min | max | min | max |   Type  |
        +-----------------------------------+------------------------+-----+-----+-----+-----+---------+
        |grp_unified_surfel_obser_1_fu_134  |unified_surfel_obser_1  |    ?|    ?|    ?|    ?|   none  |
        +-----------------------------------+------------------------+-----+-----+-----+-----+---------+

        * Loop: 
        N/A



================================================================
== Utilization Estimates
================================================================
* Summary: 
+-----------------+---------+-------+--------+--------+
|       Name      | BRAM_18K| DSP48E|   FF   |   LUT  |
+-----------------+---------+-------+--------+--------+
|DSP              |        -|      -|       -|       -|
|Expression       |        -|      -|       -|       -|
|FIFO             |        -|      -|       -|       -|
|Instance         |      194|    365|   85229|  118517|
|Memory           |        -|      -|       -|       -|
|Multiplexer      |        -|      -|       -|      36|
|Register         |        -|      -|     191|       -|
+-----------------+---------+-------+--------+--------+
|Total            |      194|    365|   85420|  118553|
+-----------------+---------+-------+--------+--------+
|Available        |     1510|   2020|  554800|  277400|
+-----------------+---------+-------+--------+--------+
|Utilization (%)  |       12|     18|      15|      42|
+-----------------+---------+-------+--------+--------+

+ Detail: 
    * Instance: 
    +-----------------------------------------------+---------------------------------------------+---------+-------+-------+--------+
    |                    Instance                   |                    Module                   | BRAM_18K| DSP48E|   FF  |   LUT  |
    +-----------------------------------------------+---------------------------------------------+---------+-------+-------+--------+
    |grp_unified_surfel_obser_1_fu_134              |unified_surfel_obser_1                       |      154|    365|  82164|  114582|
    |unified_surfel_observation_core_gmem0_m_axi_U  |unified_surfel_observation_core_gmem0_m_axi  |        8|      0|    613|     787|
    |unified_surfel_observation_core_gmem1_m_axi_U  |unified_surfel_observation_core_gmem1_m_axi  |        8|      0|    613|     787|
    |unified_surfel_observation_core_gmem2_m_axi_U  |unified_surfel_observation_core_gmem2_m_axi  |        8|      0|    613|     787|
    |unified_surfel_observation_core_gmem3_m_axi_U  |unified_surfel_observation_core_gmem3_m_axi  |        8|      0|    613|     787|
    |unified_surfel_observation_core_gmem4_m_axi_U  |unified_surfel_observation_core_gmem4_m_axi  |        8|      0|    613|     787|
    +-----------------------------------------------+---------------------------------------------+---------+-------+-------+--------+
    |Total                                          |                                             |      194|    365|  85229|  118517|
    +-----------------------------------------------+---------------------------------------------+---------+-------+-------+--------+

    * DSP48: 
    N/A

    * Memory: 
    N/A

    * FIFO: 
    N/A

    * Expression: 
    N/A

    * Multiplexer: 
    +---------------+----+-----------+-----+-----------+
    |      Name     | LUT| Input Size| Bits| Total Bits|
    +---------------+----+-----------+-----+-----------+
    |ap_NS_fsm      |   3|          3|    1|          3|
    |gmem0_ARVALID  |   3|          2|    1|          2|
    |gmem0_RREADY   |   3|          2|    1|          2|
    |gmem1_ARVALID  |   3|          2|    1|          2|
    |gmem1_RREADY   |   3|          2|    1|          2|
    |gmem2_ARVALID  |   3|          2|    1|          2|
    |gmem2_RREADY   |   3|          2|    1|          2|
    |gmem3_ARVALID  |   3|          2|    1|          2|
    |gmem3_RREADY   |   3|          2|    1|          2|
    |gmem4_AWVALID  |   3|          2|    1|          2|
    |gmem4_BREADY   |   3|          2|    1|          2|
    |gmem4_WVALID   |   3|          2|    1|          2|
    +---------------+----+-----------+-----+-----------+
    |Total          |  36|         25|   12|         25|
    +---------------+----+-----------+-----+-----------+

    * Register: 
    +------------------------------------------------+----+----+-----+-----------+
    |                      Name                      | FF | LUT| Bits| Const Bits|
    +------------------------------------------------+----+----+-----+-----------+
    |active_blocks9_reg_251                          |  27|   0|   27|          0|
    |ap_CS_fsm                                       |   2|   0|    2|          0|
    |grp_unified_surfel_obser_1_fu_134_ap_start_reg  |   1|   0|    1|          0|
    |map_header5_reg_261                             |  26|   0|   26|          0|
    |obs_cells1_reg_246                              |  26|   0|   26|          0|
    |output_words1_reg_241                           |  29|   0|   29|          0|
    |params7_reg_256                                 |  26|   0|   26|          0|
    |pose3_reg_266                                   |  26|   0|   26|          0|
    |scan_points1_reg_271                            |  28|   0|   28|          0|
    +------------------------------------------------+----+----+-----+-----------+
    |Total                                           | 191|   0|  191|          0|
    +------------------------------------------------+----+----+-----+-----------+



================================================================
== Interface
================================================================
* Summary: 
+----------------------+-----+-----+------------+---------------------------------+--------------+
|       RTL Ports      | Dir | Bits|  Protocol  |          Source Object          |    C Type    |
+----------------------+-----+-----+------------+---------------------------------+--------------+
|ap_clk                |  in |    1| ap_ctrl_hs | unified_surfel_observation_core | return value |
|ap_rst_n              |  in |    1| ap_ctrl_hs | unified_surfel_observation_core | return value |
|ap_start              |  in |    1| ap_ctrl_hs | unified_surfel_observation_core | return value |
|ap_done               | out |    1| ap_ctrl_hs | unified_surfel_observation_core | return value |
|ap_idle               | out |    1| ap_ctrl_hs | unified_surfel_observation_core | return value |
|ap_ready              | out |    1| ap_ctrl_hs | unified_surfel_observation_core | return value |
|m_axi_gmem0_AWVALID   | out |    1|    m_axi   |              gmem0              |    pointer   |
|m_axi_gmem0_AWREADY   |  in |    1|    m_axi   |              gmem0              |    pointer   |
|m_axi_gmem0_AWADDR    | out |   32|    m_axi   |              gmem0              |    pointer   |
|m_axi_gmem0_AWID      | out |    1|    m_axi   |              gmem0              |    pointer   |
|m_axi_gmem0_AWLEN     | out |    8|    m_axi   |              gmem0              |    pointer   |
|m_axi_gmem0_AWSIZE    | out |    3|    m_axi   |              gmem0              |    pointer   |
|m_axi_gmem0_AWBURST   | out |    2|    m_axi   |              gmem0              |    pointer   |
|m_axi_gmem0_AWLOCK    | out |    2|    m_axi   |              gmem0              |    pointer   |
|m_axi_gmem0_AWCACHE   | out |    4|    m_axi   |              gmem0              |    pointer   |
|m_axi_gmem0_AWPROT    | out |    3|    m_axi   |              gmem0              |    pointer   |
|m_axi_gmem0_AWQOS     | out |    4|    m_axi   |              gmem0              |    pointer   |
|m_axi_gmem0_AWREGION  | out |    4|    m_axi   |              gmem0              |    pointer   |
|m_axi_gmem0_AWUSER    | out |    1|    m_axi   |              gmem0              |    pointer   |
|m_axi_gmem0_WVALID    | out |    1|    m_axi   |              gmem0              |    pointer   |
|m_axi_gmem0_WREADY    |  in |    1|    m_axi   |              gmem0              |    pointer   |
|m_axi_gmem0_WDATA     | out |  128|    m_axi   |              gmem0              |    pointer   |
|m_axi_gmem0_WSTRB     | out |   16|    m_axi   |              gmem0              |    pointer   |
|m_axi_gmem0_WLAST     | out |    1|    m_axi   |              gmem0              |    pointer   |
|m_axi_gmem0_WID       | out |    1|    m_axi   |              gmem0              |    pointer   |
|m_axi_gmem0_WUSER     | out |    1|    m_axi   |              gmem0              |    pointer   |
|m_axi_gmem0_ARVALID   | out |    1|    m_axi   |              gmem0              |    pointer   |
|m_axi_gmem0_ARREADY   |  in |    1|    m_axi   |              gmem0              |    pointer   |
|m_axi_gmem0_ARADDR    | out |   32|    m_axi   |              gmem0              |    pointer   |
|m_axi_gmem0_ARID      | out |    1|    m_axi   |              gmem0              |    pointer   |
|m_axi_gmem0_ARLEN     | out |    8|    m_axi   |              gmem0              |    pointer   |
|m_axi_gmem0_ARSIZE    | out |    3|    m_axi   |              gmem0              |    pointer   |
|m_axi_gmem0_ARBURST   | out |    2|    m_axi   |              gmem0              |    pointer   |
|m_axi_gmem0_ARLOCK    | out |    2|    m_axi   |              gmem0              |    pointer   |
|m_axi_gmem0_ARCACHE   | out |    4|    m_axi   |              gmem0              |    pointer   |
|m_axi_gmem0_ARPROT    | out |    3|    m_axi   |              gmem0              |    pointer   |
|m_axi_gmem0_ARQOS     | out |    4|    m_axi   |              gmem0              |    pointer   |
|m_axi_gmem0_ARREGION  | out |    4|    m_axi   |              gmem0              |    pointer   |
|m_axi_gmem0_ARUSER    | out |    1|    m_axi   |              gmem0              |    pointer   |
|m_axi_gmem0_RVALID    |  in |    1|    m_axi   |              gmem0              |    pointer   |
|m_axi_gmem0_RREADY    | out |    1|    m_axi   |              gmem0              |    pointer   |
|m_axi_gmem0_RDATA     |  in |  128|    m_axi   |              gmem0              |    pointer   |
|m_axi_gmem0_RLAST     |  in |    1|    m_axi   |              gmem0              |    pointer   |
|m_axi_gmem0_RID       |  in |    1|    m_axi   |              gmem0              |    pointer   |
|m_axi_gmem0_RUSER     |  in |    1|    m_axi   |              gmem0              |    pointer   |
|m_axi_gmem0_RRESP     |  in |    2|    m_axi   |              gmem0              |    pointer   |
|m_axi_gmem0_BVALID    |  in |    1|    m_axi   |              gmem0              |    pointer   |
|m_axi_gmem0_BREADY    | out |    1|    m_axi   |              gmem0              |    pointer   |
|m_axi_gmem0_BRESP     |  in |    2|    m_axi   |              gmem0              |    pointer   |
|m_axi_gmem0_BID       |  in |    1|    m_axi   |              gmem0              |    pointer   |
|m_axi_gmem0_BUSER     |  in |    1|    m_axi   |              gmem0              |    pointer   |
|m_axi_gmem1_AWVALID   | out |    1|    m_axi   |              gmem1              |    pointer   |
|m_axi_gmem1_AWREADY   |  in |    1|    m_axi   |              gmem1              |    pointer   |
|m_axi_gmem1_AWADDR    | out |   32|    m_axi   |              gmem1              |    pointer   |
|m_axi_gmem1_AWID      | out |    1|    m_axi   |              gmem1              |    pointer   |
|m_axi_gmem1_AWLEN     | out |    8|    m_axi   |              gmem1              |    pointer   |
|m_axi_gmem1_AWSIZE    | out |    3|    m_axi   |              gmem1              |    pointer   |
|m_axi_gmem1_AWBURST   | out |    2|    m_axi   |              gmem1              |    pointer   |
|m_axi_gmem1_AWLOCK    | out |    2|    m_axi   |              gmem1              |    pointer   |
|m_axi_gmem1_AWCACHE   | out |    4|    m_axi   |              gmem1              |    pointer   |
|m_axi_gmem1_AWPROT    | out |    3|    m_axi   |              gmem1              |    pointer   |
|m_axi_gmem1_AWQOS     | out |    4|    m_axi   |              gmem1              |    pointer   |
|m_axi_gmem1_AWREGION  | out |    4|    m_axi   |              gmem1              |    pointer   |
|m_axi_gmem1_AWUSER    | out |    1|    m_axi   |              gmem1              |    pointer   |
|m_axi_gmem1_WVALID    | out |    1|    m_axi   |              gmem1              |    pointer   |
|m_axi_gmem1_WREADY    |  in |    1|    m_axi   |              gmem1              |    pointer   |
|m_axi_gmem1_WDATA     | out |  512|    m_axi   |              gmem1              |    pointer   |
|m_axi_gmem1_WSTRB     | out |   64|    m_axi   |              gmem1              |    pointer   |
|m_axi_gmem1_WLAST     | out |    1|    m_axi   |              gmem1              |    pointer   |
|m_axi_gmem1_WID       | out |    1|    m_axi   |              gmem1              |    pointer   |
|m_axi_gmem1_WUSER     | out |    1|    m_axi   |              gmem1              |    pointer   |
|m_axi_gmem1_ARVALID   | out |    1|    m_axi   |              gmem1              |    pointer   |
|m_axi_gmem1_ARREADY   |  in |    1|    m_axi   |              gmem1              |    pointer   |
|m_axi_gmem1_ARADDR    | out |   32|    m_axi   |              gmem1              |    pointer   |
|m_axi_gmem1_ARID      | out |    1|    m_axi   |              gmem1              |    pointer   |
|m_axi_gmem1_ARLEN     | out |    8|    m_axi   |              gmem1              |    pointer   |
|m_axi_gmem1_ARSIZE    | out |    3|    m_axi   |              gmem1              |    pointer   |
|m_axi_gmem1_ARBURST   | out |    2|    m_axi   |              gmem1              |    pointer   |
|m_axi_gmem1_ARLOCK    | out |    2|    m_axi   |              gmem1              |    pointer   |
|m_axi_gmem1_ARCACHE   | out |    4|    m_axi   |              gmem1              |    pointer   |
|m_axi_gmem1_ARPROT    | out |    3|    m_axi   |              gmem1              |    pointer   |
|m_axi_gmem1_ARQOS     | out |    4|    m_axi   |              gmem1              |    pointer   |
|m_axi_gmem1_ARREGION  | out |    4|    m_axi   |              gmem1              |    pointer   |
|m_axi_gmem1_ARUSER    | out |    1|    m_axi   |              gmem1              |    pointer   |
|m_axi_gmem1_RVALID    |  in |    1|    m_axi   |              gmem1              |    pointer   |
|m_axi_gmem1_RREADY    | out |    1|    m_axi   |              gmem1              |    pointer   |
|m_axi_gmem1_RDATA     |  in |  512|    m_axi   |              gmem1              |    pointer   |
|m_axi_gmem1_RLAST     |  in |    1|    m_axi   |              gmem1              |    pointer   |
|m_axi_gmem1_RID       |  in |    1|    m_axi   |              gmem1              |    pointer   |
|m_axi_gmem1_RUSER     |  in |    1|    m_axi   |              gmem1              |    pointer   |
|m_axi_gmem1_RRESP     |  in |    2|    m_axi   |              gmem1              |    pointer   |
|m_axi_gmem1_BVALID    |  in |    1|    m_axi   |              gmem1              |    pointer   |
|m_axi_gmem1_BREADY    | out |    1|    m_axi   |              gmem1              |    pointer   |
|m_axi_gmem1_BRESP     |  in |    2|    m_axi   |              gmem1              |    pointer   |
|m_axi_gmem1_BID       |  in |    1|    m_axi   |              gmem1              |    pointer   |
|m_axi_gmem1_BUSER     |  in |    1|    m_axi   |              gmem1              |    pointer   |
|m_axi_gmem2_AWVALID   | out |    1|    m_axi   |              gmem2              |    pointer   |
|m_axi_gmem2_AWREADY   |  in |    1|    m_axi   |              gmem2              |    pointer   |
|m_axi_gmem2_AWADDR    | out |   32|    m_axi   |              gmem2              |    pointer   |
|m_axi_gmem2_AWID      | out |    1|    m_axi   |              gmem2              |    pointer   |
|m_axi_gmem2_AWLEN     | out |    8|    m_axi   |              gmem2              |    pointer   |
|m_axi_gmem2_AWSIZE    | out |    3|    m_axi   |              gmem2              |    pointer   |
|m_axi_gmem2_AWBURST   | out |    2|    m_axi   |              gmem2              |    pointer   |
|m_axi_gmem2_AWLOCK    | out |    2|    m_axi   |              gmem2              |    pointer   |
|m_axi_gmem2_AWCACHE   | out |    4|    m_axi   |              gmem2              |    pointer   |
|m_axi_gmem2_AWPROT    | out |    3|    m_axi   |              gmem2              |    pointer   |
|m_axi_gmem2_AWQOS     | out |    4|    m_axi   |              gmem2              |    pointer   |
|m_axi_gmem2_AWREGION  | out |    4|    m_axi   |              gmem2              |    pointer   |
|m_axi_gmem2_AWUSER    | out |    1|    m_axi   |              gmem2              |    pointer   |
|m_axi_gmem2_WVALID    | out |    1|    m_axi   |              gmem2              |    pointer   |
|m_axi_gmem2_WREADY    |  in |    1|    m_axi   |              gmem2              |    pointer   |
|m_axi_gmem2_WDATA     | out |  256|    m_axi   |              gmem2              |    pointer   |
|m_axi_gmem2_WSTRB     | out |   32|    m_axi   |              gmem2              |    pointer   |
|m_axi_gmem2_WLAST     | out |    1|    m_axi   |              gmem2              |    pointer   |
|m_axi_gmem2_WID       | out |    1|    m_axi   |              gmem2              |    pointer   |
|m_axi_gmem2_WUSER     | out |    1|    m_axi   |              gmem2              |    pointer   |
|m_axi_gmem2_ARVALID   | out |    1|    m_axi   |              gmem2              |    pointer   |
|m_axi_gmem2_ARREADY   |  in |    1|    m_axi   |              gmem2              |    pointer   |
|m_axi_gmem2_ARADDR    | out |   32|    m_axi   |              gmem2              |    pointer   |
|m_axi_gmem2_ARID      | out |    1|    m_axi   |              gmem2              |    pointer   |
|m_axi_gmem2_ARLEN     | out |    8|    m_axi   |              gmem2              |    pointer   |
|m_axi_gmem2_ARSIZE    | out |    3|    m_axi   |              gmem2              |    pointer   |
|m_axi_gmem2_ARBURST   | out |    2|    m_axi   |              gmem2              |    pointer   |
|m_axi_gmem2_ARLOCK    | out |    2|    m_axi   |              gmem2              |    pointer   |
|m_axi_gmem2_ARCACHE   | out |    4|    m_axi   |              gmem2              |    pointer   |
|m_axi_gmem2_ARPROT    | out |    3|    m_axi   |              gmem2              |    pointer   |
|m_axi_gmem2_ARQOS     | out |    4|    m_axi   |              gmem2              |    pointer   |
|m_axi_gmem2_ARREGION  | out |    4|    m_axi   |              gmem2              |    pointer   |
|m_axi_gmem2_ARUSER    | out |    1|    m_axi   |              gmem2              |    pointer   |
|m_axi_gmem2_RVALID    |  in |    1|    m_axi   |              gmem2              |    pointer   |
|m_axi_gmem2_RREADY    | out |    1|    m_axi   |              gmem2              |    pointer   |
|m_axi_gmem2_RDATA     |  in |  256|    m_axi   |              gmem2              |    pointer   |
|m_axi_gmem2_RLAST     |  in |    1|    m_axi   |              gmem2              |    pointer   |
|m_axi_gmem2_RID       |  in |    1|    m_axi   |              gmem2              |    pointer   |
|m_axi_gmem2_RUSER     |  in |    1|    m_axi   |              gmem2              |    pointer   |
|m_axi_gmem2_RRESP     |  in |    2|    m_axi   |              gmem2              |    pointer   |
|m_axi_gmem2_BVALID    |  in |    1|    m_axi   |              gmem2              |    pointer   |
|m_axi_gmem2_BREADY    | out |    1|    m_axi   |              gmem2              |    pointer   |
|m_axi_gmem2_BRESP     |  in |    2|    m_axi   |              gmem2              |    pointer   |
|m_axi_gmem2_BID       |  in |    1|    m_axi   |              gmem2              |    pointer   |
|m_axi_gmem2_BUSER     |  in |    1|    m_axi   |              gmem2              |    pointer   |
|m_axi_gmem3_AWVALID   | out |    1|    m_axi   |              gmem3              |    pointer   |
|m_axi_gmem3_AWREADY   |  in |    1|    m_axi   |              gmem3              |    pointer   |
|m_axi_gmem3_AWADDR    | out |   32|    m_axi   |              gmem3              |    pointer   |
|m_axi_gmem3_AWID      | out |    1|    m_axi   |              gmem3              |    pointer   |
|m_axi_gmem3_AWLEN     | out |    8|    m_axi   |              gmem3              |    pointer   |
|m_axi_gmem3_AWSIZE    | out |    3|    m_axi   |              gmem3              |    pointer   |
|m_axi_gmem3_AWBURST   | out |    2|    m_axi   |              gmem3              |    pointer   |
|m_axi_gmem3_AWLOCK    | out |    2|    m_axi   |              gmem3              |    pointer   |
|m_axi_gmem3_AWCACHE   | out |    4|    m_axi   |              gmem3              |    pointer   |
|m_axi_gmem3_AWPROT    | out |    3|    m_axi   |              gmem3              |    pointer   |
|m_axi_gmem3_AWQOS     | out |    4|    m_axi   |              gmem3              |    pointer   |
|m_axi_gmem3_AWREGION  | out |    4|    m_axi   |              gmem3              |    pointer   |
|m_axi_gmem3_AWUSER    | out |    1|    m_axi   |              gmem3              |    pointer   |
|m_axi_gmem3_WVALID    | out |    1|    m_axi   |              gmem3              |    pointer   |
|m_axi_gmem3_WREADY    |  in |    1|    m_axi   |              gmem3              |    pointer   |
|m_axi_gmem3_WDATA     | out |  512|    m_axi   |              gmem3              |    pointer   |
|m_axi_gmem3_WSTRB     | out |   64|    m_axi   |              gmem3              |    pointer   |
|m_axi_gmem3_WLAST     | out |    1|    m_axi   |              gmem3              |    pointer   |
|m_axi_gmem3_WID       | out |    1|    m_axi   |              gmem3              |    pointer   |
|m_axi_gmem3_WUSER     | out |    1|    m_axi   |              gmem3              |    pointer   |
|m_axi_gmem3_ARVALID   | out |    1|    m_axi   |              gmem3              |    pointer   |
|m_axi_gmem3_ARREADY   |  in |    1|    m_axi   |              gmem3              |    pointer   |
|m_axi_gmem3_ARADDR    | out |   32|    m_axi   |              gmem3              |    pointer   |
|m_axi_gmem3_ARID      | out |    1|    m_axi   |              gmem3              |    pointer   |
|m_axi_gmem3_ARLEN     | out |    8|    m_axi   |              gmem3              |    pointer   |
|m_axi_gmem3_ARSIZE    | out |    3|    m_axi   |              gmem3              |    pointer   |
|m_axi_gmem3_ARBURST   | out |    2|    m_axi   |              gmem3              |    pointer   |
|m_axi_gmem3_ARLOCK    | out |    2|    m_axi   |              gmem3              |    pointer   |
|m_axi_gmem3_ARCACHE   | out |    4|    m_axi   |              gmem3              |    pointer   |
|m_axi_gmem3_ARPROT    | out |    3|    m_axi   |              gmem3              |    pointer   |
|m_axi_gmem3_ARQOS     | out |    4|    m_axi   |              gmem3              |    pointer   |
|m_axi_gmem3_ARREGION  | out |    4|    m_axi   |              gmem3              |    pointer   |
|m_axi_gmem3_ARUSER    | out |    1|    m_axi   |              gmem3              |    pointer   |
|m_axi_gmem3_RVALID    |  in |    1|    m_axi   |              gmem3              |    pointer   |
|m_axi_gmem3_RREADY    | out |    1|    m_axi   |              gmem3              |    pointer   |
|m_axi_gmem3_RDATA     |  in |  512|    m_axi   |              gmem3              |    pointer   |
|m_axi_gmem3_RLAST     |  in |    1|    m_axi   |              gmem3              |    pointer   |
|m_axi_gmem3_RID       |  in |    1|    m_axi   |              gmem3              |    pointer   |
|m_axi_gmem3_RUSER     |  in |    1|    m_axi   |              gmem3              |    pointer   |
|m_axi_gmem3_RRESP     |  in |    2|    m_axi   |              gmem3              |    pointer   |
|m_axi_gmem3_BVALID    |  in |    1|    m_axi   |              gmem3              |    pointer   |
|m_axi_gmem3_BREADY    | out |    1|    m_axi   |              gmem3              |    pointer   |
|m_axi_gmem3_BRESP     |  in |    2|    m_axi   |              gmem3              |    pointer   |
|m_axi_gmem3_BID       |  in |    1|    m_axi   |              gmem3              |    pointer   |
|m_axi_gmem3_BUSER     |  in |    1|    m_axi   |              gmem3              |    pointer   |
|m_axi_gmem4_AWVALID   | out |    1|    m_axi   |              gmem4              |    pointer   |
|m_axi_gmem4_AWREADY   |  in |    1|    m_axi   |              gmem4              |    pointer   |
|m_axi_gmem4_AWADDR    | out |   32|    m_axi   |              gmem4              |    pointer   |
|m_axi_gmem4_AWID      | out |    1|    m_axi   |              gmem4              |    pointer   |
|m_axi_gmem4_AWLEN     | out |    8|    m_axi   |              gmem4              |    pointer   |
|m_axi_gmem4_AWSIZE    | out |    3|    m_axi   |              gmem4              |    pointer   |
|m_axi_gmem4_AWBURST   | out |    2|    m_axi   |              gmem4              |    pointer   |
|m_axi_gmem4_AWLOCK    | out |    2|    m_axi   |              gmem4              |    pointer   |
|m_axi_gmem4_AWCACHE   | out |    4|    m_axi   |              gmem4              |    pointer   |
|m_axi_gmem4_AWPROT    | out |    3|    m_axi   |              gmem4              |    pointer   |
|m_axi_gmem4_AWQOS     | out |    4|    m_axi   |              gmem4              |    pointer   |
|m_axi_gmem4_AWREGION  | out |    4|    m_axi   |              gmem4              |    pointer   |
|m_axi_gmem4_AWUSER    | out |    1|    m_axi   |              gmem4              |    pointer   |
|m_axi_gmem4_WVALID    | out |    1|    m_axi   |              gmem4              |    pointer   |
|m_axi_gmem4_WREADY    |  in |    1|    m_axi   |              gmem4              |    pointer   |
|m_axi_gmem4_WDATA     | out |   64|    m_axi   |              gmem4              |    pointer   |
|m_axi_gmem4_WSTRB     | out |    8|    m_axi   |              gmem4              |    pointer   |
|m_axi_gmem4_WLAST     | out |    1|    m_axi   |              gmem4              |    pointer   |
|m_axi_gmem4_WID       | out |    1|    m_axi   |              gmem4              |    pointer   |
|m_axi_gmem4_WUSER     | out |    1|    m_axi   |              gmem4              |    pointer   |
|m_axi_gmem4_ARVALID   | out |    1|    m_axi   |              gmem4              |    pointer   |
|m_axi_gmem4_ARREADY   |  in |    1|    m_axi   |              gmem4              |    pointer   |
|m_axi_gmem4_ARADDR    | out |   32|    m_axi   |              gmem4              |    pointer   |
|m_axi_gmem4_ARID      | out |    1|    m_axi   |              gmem4              |    pointer   |
|m_axi_gmem4_ARLEN     | out |    8|    m_axi   |              gmem4              |    pointer   |
|m_axi_gmem4_ARSIZE    | out |    3|    m_axi   |              gmem4              |    pointer   |
|m_axi_gmem4_ARBURST   | out |    2|    m_axi   |              gmem4              |    pointer   |
|m_axi_gmem4_ARLOCK    | out |    2|    m_axi   |              gmem4              |    pointer   |
|m_axi_gmem4_ARCACHE   | out |    4|    m_axi   |              gmem4              |    pointer   |
|m_axi_gmem4_ARPROT    | out |    3|    m_axi   |              gmem4              |    pointer   |
|m_axi_gmem4_ARQOS     | out |    4|    m_axi   |              gmem4              |    pointer   |
|m_axi_gmem4_ARREGION  | out |    4|    m_axi   |              gmem4              |    pointer   |
|m_axi_gmem4_ARUSER    | out |    1|    m_axi   |              gmem4              |    pointer   |
|m_axi_gmem4_RVALID    |  in |    1|    m_axi   |              gmem4              |    pointer   |
|m_axi_gmem4_RREADY    | out |    1|    m_axi   |              gmem4              |    pointer   |
|m_axi_gmem4_RDATA     |  in |   64|    m_axi   |              gmem4              |    pointer   |
|m_axi_gmem4_RLAST     |  in |    1|    m_axi   |              gmem4              |    pointer   |
|m_axi_gmem4_RID       |  in |    1|    m_axi   |              gmem4              |    pointer   |
|m_axi_gmem4_RUSER     |  in |    1|    m_axi   |              gmem4              |    pointer   |
|m_axi_gmem4_RRESP     |  in |    2|    m_axi   |              gmem4              |    pointer   |
|m_axi_gmem4_BVALID    |  in |    1|    m_axi   |              gmem4              |    pointer   |
|m_axi_gmem4_BREADY    | out |    1|    m_axi   |              gmem4              |    pointer   |
|m_axi_gmem4_BRESP     |  in |    2|    m_axi   |              gmem4              |    pointer   |
|m_axi_gmem4_BID       |  in |    1|    m_axi   |              gmem4              |    pointer   |
|m_axi_gmem4_BUSER     |  in |    1|    m_axi   |              gmem4              |    pointer   |
|scan_points           |  in |   32|   ap_none  |           scan_points           |    scalar    |
|num_points            |  in |   32|   ap_none  |            num_points           |    scalar    |
|pose                  |  in |   32|   ap_none  |               pose              |    scalar    |
|map_header            |  in |   32|   ap_none  |            map_header           |    scalar    |
|params                |  in |   32|   ap_none  |              params             |    scalar    |
|active_blocks         |  in |   32|   ap_none  |          active_blocks          |    scalar    |
|obs_cells             |  in |   32|   ap_none  |            obs_cells            |    scalar    |
|output_words          |  in |   32|   ap_none  |           output_words          |    scalar    |
+----------------------+-----+-----+------------+---------------------------------+--------------+

